<?xml version="1.0" encoding="ISO-8859-1" ?>
<link_info>
   <banner>TI ARM Linker PC v18.12.3.LTS</banner>
   <copyright>Copyright (c) 1996-2018 Texas Instruments Incorporated</copyright>
   <link_time>0x5e55a19b</link_time>
   <link_errors>0x0</link_errors>
   <output_file>blinky.out</output_file>
   <entry_point>
      <name>_c_int00_noargs</name>
      <address>0xc05</address>
   </entry_point>
   <input_file_list>
      <input_file id="fl-2">
         <path>.\</path>
         <kind>object</kind>
         <file>blinky.obj</file>
         <name>blinky.obj</name>
      </input_file>
      <input_file id="fl-3">
         <path>.\</path>
         <kind>object</kind>
         <file>startup_ccs.obj</file>
         <name>startup_ccs.obj</name>
      </input_file>
      <input_file id="fl-8">
         <kind>object</kind>
         <file>&lt;internal&gt;</file>
         <name>&lt;internal&gt;</name>
      </input_file>
      <input_file id="fl-be">
         <path>C:\ti\ccs920\ccs\tools\compiler\ti-cgt-arm_18.12.3.LTS\lib\</path>
         <kind>archive</kind>
         <file>rtsv7M4_T_le_v4SPD16_eabi.lib</file>
         <name>fd_mul_t2.asm.obj</name>
      </input_file>
      <input_file id="fl-bf">
         <path>C:\ti\ccs920\ccs\tools\compiler\ti-cgt-arm_18.12.3.LTS\lib\</path>
         <kind>archive</kind>
         <file>rtsv7M4_T_le_v4SPD16_eabi.lib</file>
         <name>fd_toi_t2.asm.obj</name>
      </input_file>
      <input_file id="fl-c0">
         <path>C:\ti\ccs920\ccs\tools\compiler\ti-cgt-arm_18.12.3.LTS\lib\</path>
         <kind>archive</kind>
         <file>rtsv7M4_T_le_v4SPD16_eabi.lib</file>
         <name>u_tofd_t2.asm.obj</name>
      </input_file>
      <input_file id="fl-c1">
         <path>C:\ti\ccs920\ccs\tools\compiler\ti-cgt-arm_18.12.3.LTS\lib\</path>
         <kind>archive</kind>
         <file>rtsv7M4_T_le_v4SPD16_eabi.lib</file>
         <name>copy_zero_init.c.obj</name>
      </input_file>
      <input_file id="fl-c2">
         <path>C:\ti\ccs920\ccs\tools\compiler\ti-cgt-arm_18.12.3.LTS\lib\</path>
         <kind>archive</kind>
         <file>rtsv7M4_T_le_v4SPD16_eabi.lib</file>
         <name>copy_decompress_none.c.obj</name>
      </input_file>
      <input_file id="fl-c3">
         <path>C:\ti\ccs920\ccs\tools\compiler\ti-cgt-arm_18.12.3.LTS\lib\</path>
         <kind>archive</kind>
         <file>rtsv7M4_T_le_v4SPD16_eabi.lib</file>
         <name>copy_decompress_lzss.c.obj</name>
      </input_file>
      <input_file id="fl-c4">
         <path>C:\ti\ccs920\ccs\tools\compiler\ti-cgt-arm_18.12.3.LTS\lib\</path>
         <kind>archive</kind>
         <file>rtsv7M4_T_le_v4SPD16_eabi.lib</file>
         <name>boot_cortex_m.c.obj</name>
      </input_file>
      <input_file id="fl-c5">
         <path>C:\ti\ccs920\ccs\tools\compiler\ti-cgt-arm_18.12.3.LTS\lib\</path>
         <kind>archive</kind>
         <file>rtsv7M4_T_le_v4SPD16_eabi.lib</file>
         <name>memset_t2.asm.obj</name>
      </input_file>
      <input_file id="fl-c6">
         <path>C:\ti\ccs920\ccs\tools\compiler\ti-cgt-arm_18.12.3.LTS\lib\</path>
         <kind>archive</kind>
         <file>rtsv7M4_T_le_v4SPD16_eabi.lib</file>
         <name>memcpy_t2.asm.obj</name>
      </input_file>
      <input_file id="fl-c7">
         <path>C:\ti\ccs920\ccs\tools\compiler\ti-cgt-arm_18.12.3.LTS\lib\</path>
         <kind>archive</kind>
         <file>rtsv7M4_T_le_v4SPD16_eabi.lib</file>
         <name>autoinit.c.obj</name>
      </input_file>
      <input_file id="fl-c8">
         <path>C:\ti\ccs920\ccs\tools\compiler\ti-cgt-arm_18.12.3.LTS\lib\</path>
         <kind>archive</kind>
         <file>rtsv7M4_T_le_v4SPD16_eabi.lib</file>
         <name>pre_init.c.obj</name>
      </input_file>
      <input_file id="fl-c9">
         <path>C:\ti\ccs920\ccs\tools\compiler\ti-cgt-arm_18.12.3.LTS\lib\</path>
         <kind>archive</kind>
         <file>rtsv7M4_T_le_v4SPD16_eabi.lib</file>
         <name>cpy_tbl.c.obj</name>
      </input_file>
      <input_file id="fl-ca">
         <path>C:\ti\ccs920\ccs\tools\compiler\ti-cgt-arm_18.12.3.LTS\lib\</path>
         <kind>archive</kind>
         <file>rtsv7M4_T_le_v4SPD16_eabi.lib</file>
         <name>exit.c.obj</name>
      </input_file>
      <input_file id="fl-cb">
         <path>C:\ti\ccs920\ccs\tools\compiler\ti-cgt-arm_18.12.3.LTS\lib\</path>
         <kind>archive</kind>
         <file>rtsv7M4_T_le_v4SPD16_eabi.lib</file>
         <name>_lock.c.obj</name>
      </input_file>
      <input_file id="fl-cc">
         <path>C:\ti\ccs920\ccs\tools\compiler\ti-cgt-arm_18.12.3.LTS\lib\</path>
         <kind>archive</kind>
         <file>rtsv7M4_T_le_v4SPD16_eabi.lib</file>
         <name>args_main.c.obj</name>
      </input_file>
      <input_file id="fl-cd">
         <path>C:\ti\tivaware_c_series_2_1_4_178\driverlib\ccs\Debug\</path>
         <kind>archive</kind>
         <file>driverlib.lib</file>
         <name>gpio.obj</name>
      </input_file>
      <input_file id="fl-ce">
         <path>C:\ti\tivaware_c_series_2_1_4_178\driverlib\ccs\Debug\</path>
         <kind>archive</kind>
         <file>driverlib.lib</file>
         <name>interrupt.obj</name>
      </input_file>
      <input_file id="fl-cf">
         <path>C:\ti\tivaware_c_series_2_1_4_178\driverlib\ccs\Debug\</path>
         <kind>archive</kind>
         <file>driverlib.lib</file>
         <name>sysctl.obj</name>
      </input_file>
      <input_file id="fl-d0">
         <path>C:\ti\tivaware_c_series_2_1_4_178\driverlib\ccs\Debug\</path>
         <kind>archive</kind>
         <file>driverlib.lib</file>
         <name>cpu.obj</name>
      </input_file>
   </input_file_list>
   <object_component_list>
      <object_component id="oc-f">
         <name>.intvecs</name>
         <load_address>0x0</load_address>
         <run_address>0x0</run_address>
         <size>0x26c</size>
         <input_file_ref idref="fl-3"/>
      </object_component>
      <object_component id="oc-1d7">
         <name>.text:GPIOPadConfigSet</name>
         <load_address>0x26c</load_address>
         <run_address>0x26c</run_address>
         <size>0x132</size>
         <input_file_ref idref="fl-cd"/>
      </object_component>
      <object_component id="oc-30">
         <name>.text:FaultISR</name>
         <load_address>0x39e</load_address>
         <run_address>0x39e</run_address>
         <size>0x2</size>
         <input_file_ref idref="fl-3"/>
      </object_component>
      <object_component id="oc-176">
         <name>.text:SysCtlClockGet</name>
         <load_address>0x3a0</load_address>
         <run_address>0x3a0</run_address>
         <size>0x110</size>
         <input_file_ref idref="fl-cf"/>
      </object_component>
      <object_component id="oc-1f4">
         <name>.text</name>
         <load_address>0x4b0</load_address>
         <run_address>0x4b0</run_address>
         <size>0xfc</size>
         <input_file_ref idref="fl-be"/>
      </object_component>
      <object_component id="oc-170">
         <name>.text:SysCtlClockSet</name>
         <load_address>0x5ac</load_address>
         <run_address>0x5ac</run_address>
         <size>0xf4</size>
         <input_file_ref idref="fl-cf"/>
      </object_component>
      <object_component id="oc-4a">
         <name>.text</name>
         <load_address>0x6a0</load_address>
         <run_address>0x6a0</run_address>
         <size>0x9c</size>
         <input_file_ref idref="fl-c6"/>
      </object_component>
      <object_component id="oc-fa">
         <name>.text:SineWavePulse</name>
         <load_address>0x73c</load_address>
         <run_address>0x73c</run_address>
         <size>0x94</size>
         <input_file_ref idref="fl-2"/>
      </object_component>
      <object_component id="oc-e1">
         <name>.text:PinConfig</name>
         <load_address>0x7d0</load_address>
         <run_address>0x7d0</run_address>
         <size>0x80</size>
         <input_file_ref idref="fl-2"/>
      </object_component>
      <object_component id="oc-f3">
         <name>.text:DCVoltage</name>
         <load_address>0x850</load_address>
         <run_address>0x850</run_address>
         <size>0x68</size>
         <input_file_ref idref="fl-2"/>
      </object_component>
      <object_component id="oc-12">
         <name>.text:decompress:lzss:__TI_decompress_lzss</name>
         <load_address>0x8b8</load_address>
         <run_address>0x8b8</run_address>
         <size>0x68</size>
         <input_file_ref idref="fl-c3"/>
      </object_component>
      <object_component id="oc-db">
         <name>.text:PeriphEnable</name>
         <load_address>0x920</load_address>
         <run_address>0x920</run_address>
         <size>0x58</size>
         <input_file_ref idref="fl-2"/>
      </object_component>
      <object_component id="oc-e7">
         <name>.text:SSIInit</name>
         <load_address>0x978</load_address>
         <run_address>0x978</run_address>
         <size>0x58</size>
         <input_file_ref idref="fl-2"/>
      </object_component>
      <object_component id="oc-ad">
         <name>.text:main</name>
         <load_address>0x9d0</load_address>
         <run_address>0x9d0</run_address>
         <size>0x54</size>
         <input_file_ref idref="fl-2"/>
      </object_component>
      <object_component id="oc-14a">
         <name>.text:SysCtlPeripheralReset</name>
         <load_address>0xa24</load_address>
         <run_address>0xa24</run_address>
         <size>0x50</size>
         <input_file_ref idref="fl-cf"/>
      </object_component>
      <object_component id="oc-198">
         <name>.text:FreqRegBits</name>
         <load_address>0xa74</load_address>
         <run_address>0xa74</run_address>
         <size>0x4c</size>
         <input_file_ref idref="fl-2"/>
      </object_component>
      <object_component id="oc-157">
         <name>.text:GPIOPinConfigure</name>
         <load_address>0xac0</load_address>
         <run_address>0xac0</run_address>
         <size>0x48</size>
         <input_file_ref idref="fl-cd"/>
      </object_component>
      <object_component id="oc-1f9">
         <name>.text</name>
         <load_address>0xb08</load_address>
         <run_address>0xb08</run_address>
         <size>0x48</size>
         <input_file_ref idref="fl-bf"/>
      </object_component>
      <object_component id="oc-110">
         <name>.text:__TI_auto_init_nobinit_nopinit:__TI_auto_init_nobinit_nopinit</name>
         <load_address>0xb50</load_address>
         <run_address>0xb50</run_address>
         <size>0x44</size>
         <input_file_ref idref="fl-c7"/>
      </object_component>
      <object_component id="oc-17c">
         <name>.text:SSIConfigSetExpClk</name>
         <load_address>0xb94</load_address>
         <run_address>0xb94</run_address>
         <size>0x3c</size>
         <input_file_ref idref="fl-2"/>
      </object_component>
      <object_component id="oc-144">
         <name>.text:SysCtlPeripheralEnable</name>
         <load_address>0xbd0</load_address>
         <run_address>0xbd0</run_address>
         <size>0x34</size>
         <input_file_ref idref="fl-cf"/>
      </object_component>
      <object_component id="oc-68">
         <name>.text:_c_int00_noargs:_c_int00_noargs</name>
         <load_address>0xc04</load_address>
         <run_address>0xc04</run_address>
         <size>0x34</size>
         <input_file_ref idref="fl-c4"/>
      </object_component>
      <object_component id="oc-ed">
         <name>.text:voltCodeGenerator</name>
         <load_address>0xc38</load_address>
         <run_address>0xc38</run_address>
         <size>0x2c</size>
         <input_file_ref idref="fl-2"/>
      </object_component>
      <object_component id="oc-1d1">
         <name>.text:GPIODirModeSet</name>
         <load_address>0xc64</load_address>
         <run_address>0xc64</run_address>
         <size>0x2a</size>
         <input_file_ref idref="fl-cd"/>
      </object_component>
      <object_component id="oc-1ef">
         <name>.text</name>
         <load_address>0xc8e</load_address>
         <run_address>0xc8e</run_address>
         <size>0x20</size>
         <input_file_ref idref="fl-c0"/>
      </object_component>
      <object_component id="oc-56">
         <name>.text:decompress:ZI:__TI_zero_init_nomemset:__TI_zero_init_nomemset</name>
         <load_address>0xcae</load_address>
         <run_address>0xcae</run_address>
         <size>0x1c</size>
         <input_file_ref idref="fl-c1"/>
      </object_component>
      <object_component id="oc-151">
         <name>.text:GPIOPinTypeADC</name>
         <load_address>0xcca</load_address>
         <run_address>0xcca</run_address>
         <size>0x12</size>
         <input_file_ref idref="fl-cd"/>
      </object_component>
      <object_component id="oc-15d">
         <name>.text:GPIOPinTypeGPIOInput</name>
         <load_address>0xcdc</load_address>
         <run_address>0xcdc</run_address>
         <size>0x12</size>
         <input_file_ref idref="fl-cd"/>
      </object_component>
      <object_component id="oc-163">
         <name>.text:GPIOPinTypeSSI</name>
         <load_address>0xcee</load_address>
         <run_address>0xcee</run_address>
         <size>0x12</size>
         <input_file_ref idref="fl-cd"/>
      </object_component>
      <object_component id="oc-169">
         <name>.text:GPIOPinTypeUART</name>
         <load_address>0xd00</load_address>
         <run_address>0xd00</run_address>
         <size>0x12</size>
         <input_file_ref idref="fl-cd"/>
      </object_component>
      <object_component id="oc-18">
         <name>.text:decompress:none:__TI_decompress_none</name>
         <load_address>0xd12</load_address>
         <run_address>0xd12</run_address>
         <size>0xe</size>
         <input_file_ref idref="fl-c2"/>
      </object_component>
      <object_component id="oc-191">
         <name>.text:SSIDataPut</name>
         <load_address>0xd20</load_address>
         <run_address>0xd20</run_address>
         <size>0xa</size>
         <input_file_ref idref="fl-2"/>
      </object_component>
      <object_component id="oc-182">
         <name>.text:SSIEnable</name>
         <load_address>0xd2a</load_address>
         <run_address>0xd2a</run_address>
         <size>0xa</size>
         <input_file_ref idref="fl-2"/>
      </object_component>
      <object_component id="oc-19e">
         <name>.text:SSIBusy</name>
         <load_address>0xd34</load_address>
         <run_address>0xd34</run_address>
         <size>0x8</size>
         <input_file_ref idref="fl-2"/>
      </object_component>
      <object_component id="oc-18b">
         <name>.text:GPIOPinWrite</name>
         <load_address>0xd3c</load_address>
         <run_address>0xd3c</run_address>
         <size>0x6</size>
         <input_file_ref idref="fl-cd"/>
      </object_component>
      <object_component id="oc-24">
         <name>.text:ResetISR</name>
         <load_address>0xd42</load_address>
         <run_address>0xd42</run_address>
         <size>0x6</size>
         <input_file_ref idref="fl-3"/>
      </object_component>
      <object_component id="oc-f9">
         <name>.text:SysCtlDelay</name>
         <load_address>0xd48</load_address>
         <run_address>0xd48</run_address>
         <size>0x6</size>
         <input_file_ref idref="fl-cf"/>
      </object_component>
      <object_component id="oc-a7">
         <name>.text:_system_pre_init</name>
         <load_address>0xd4e</load_address>
         <run_address>0xd4e</run_address>
         <size>0x4</size>
         <input_file_ref idref="fl-c8"/>
      </object_component>
      <object_component id="oc-104">
         <name>.text:abort:abort</name>
         <load_address>0xd52</load_address>
         <run_address>0xd52</run_address>
         <size>0x4</size>
         <input_file_ref idref="fl-ca"/>
      </object_component>
      <object_component id="oc-36">
         <name>.text:IntDefaultHandler</name>
         <load_address>0xd56</load_address>
         <run_address>0xd56</run_address>
         <size>0x2</size>
         <input_file_ref idref="fl-3"/>
      </object_component>
      <object_component id="oc-2a">
         <name>.text:NmiSR</name>
         <load_address>0xd58</load_address>
         <run_address>0xd58</run_address>
         <size>0x2</size>
         <input_file_ref idref="fl-3"/>
      </object_component>
      <object_component id="oc-1de">
         <name>.const:g_pui32GPIOBaseAddrs</name>
         <load_address>0xd5c</load_address>
         <run_address>0xd5c</run_address>
         <size>0x90</size>
         <input_file_ref idref="fl-cd"/>
      </object_component>
      <object_component id="oc-1e7">
         <name>.const:g_pui32Xtals</name>
         <load_address>0xdec</load_address>
         <run_address>0xdec</run_address>
         <size>0x6c</size>
         <input_file_ref idref="fl-cf"/>
      </object_component>
      <object_component id="oc-26b">
         <name>.cinit..data.load</name>
         <load_address>0xe58</load_address>
         <run_address>0xe58</run_address>
         <size>0x20</size>
      </object_component>
      <object_component id="oc-269">
         <name>__TI_handler_table</name>
         <load_address>0xe78</load_address>
         <run_address>0xe78</run_address>
         <size>0xc</size>
      </object_component>
      <object_component id="oc-26c">
         <name>.cinit..bss.load</name>
         <load_address>0xe88</load_address>
         <run_address>0xe88</run_address>
         <size>0x8</size>
      </object_component>
      <object_component id="oc-26a">
         <name>__TI_cinit_table</name>
         <load_address>0xe90</load_address>
         <run_address>0xe90</run_address>
         <size>0x10</size>
      </object_component>
      <object_component id="oc-100">
         <name>.data</name>
         <load_address>0x20000200</load_address>
         <run_address>0x20000200</run_address>
         <size>0x20</size>
         <input_file_ref idref="fl-2"/>
      </object_component>
      <object_component id="oc-1a4">
         <name>.common:i</name>
         <uninitialized>true</uninitialized>
         <run_address>0x20000238</run_address>
         <size>0x4</size>
      </object_component>
      <object_component id="oc-1a5">
         <name>.common:frequencyRegister</name>
         <uninitialized>true</uninitialized>
         <run_address>0x20000230</run_address>
         <size>0x8</size>
      </object_component>
      <object_component id="oc-189">
         <name>.common:voltCode</name>
         <uninitialized>true</uninitialized>
         <run_address>0x20000220</run_address>
         <size>0x10</size>
      </object_component>
      <object_component id="oc-21">
         <name>.stack</name>
         <uninitialized>true</uninitialized>
         <run_address>0x20000000</run_address>
         <size>0x4</size>
         <input_file_ref idref="fl-c4"/>
      </object_component>
      <object_component id="oc-26d">
         <name>.stack</name>
         <uninitialized>true</uninitialized>
         <run_address>0x20000000</run_address>
         <size>0x0</size>
      </object_component>
      <object_component id="oc-c9">
         <name>.debug_info</name>
         <load_address>0x0</load_address>
         <run_address>0x0</run_address>
         <size>0x6f3</size>
         <input_file_ref idref="fl-2"/>
      </object_component>
      <object_component id="oc-101">
         <name>.debug_info</name>
         <load_address>0x6f3</load_address>
         <run_address>0x6f3</run_address>
         <size>0x1c2</size>
         <input_file_ref idref="fl-2"/>
      </object_component>
      <object_component id="oc-ee">
         <name>.debug_info</name>
         <load_address>0x8b5</load_address>
         <run_address>0x8b5</run_address>
         <size>0x215</size>
         <input_file_ref idref="fl-2"/>
      </object_component>
      <object_component id="oc-dc">
         <name>.debug_info</name>
         <load_address>0xaca</load_address>
         <run_address>0xaca</run_address>
         <size>0x209</size>
         <input_file_ref idref="fl-2"/>
      </object_component>
      <object_component id="oc-e2">
         <name>.debug_info</name>
         <load_address>0xcd3</load_address>
         <run_address>0xcd3</run_address>
         <size>0x227</size>
         <input_file_ref idref="fl-2"/>
      </object_component>
      <object_component id="oc-17d">
         <name>.debug_info</name>
         <load_address>0xefa</load_address>
         <run_address>0xefa</run_address>
         <size>0x317</size>
         <input_file_ref idref="fl-2"/>
      </object_component>
      <object_component id="oc-183">
         <name>.debug_info</name>
         <load_address>0x1211</load_address>
         <run_address>0x1211</run_address>
         <size>0x180</size>
         <input_file_ref idref="fl-2"/>
      </object_component>
      <object_component id="oc-e8">
         <name>.debug_info</name>
         <load_address>0x1391</load_address>
         <run_address>0x1391</run_address>
         <size>0x18c</size>
         <input_file_ref idref="fl-2"/>
      </object_component>
      <object_component id="oc-192">
         <name>.debug_info</name>
         <load_address>0x151d</load_address>
         <run_address>0x151d</run_address>
         <size>0x1b4</size>
         <input_file_ref idref="fl-2"/>
      </object_component>
      <object_component id="oc-f4">
         <name>.debug_info</name>
         <load_address>0x16d1</load_address>
         <run_address>0x16d1</run_address>
         <size>0x1fd</size>
         <input_file_ref idref="fl-2"/>
      </object_component>
      <object_component id="oc-199">
         <name>.debug_info</name>
         <load_address>0x18ce</load_address>
         <run_address>0x18ce</run_address>
         <size>0x15e</size>
         <input_file_ref idref="fl-2"/>
      </object_component>
      <object_component id="oc-19f">
         <name>.debug_info</name>
         <load_address>0x1a2c</load_address>
         <run_address>0x1a2c</run_address>
         <size>0x180</size>
         <input_file_ref idref="fl-2"/>
      </object_component>
      <object_component id="oc-fb">
         <name>.debug_info</name>
         <load_address>0x1bac</load_address>
         <run_address>0x1bac</run_address>
         <size>0x1c2</size>
         <input_file_ref idref="fl-2"/>
      </object_component>
      <object_component id="oc-ae">
         <name>.debug_info</name>
         <load_address>0x1d6e</load_address>
         <run_address>0x1d6e</run_address>
         <size>0x17b</size>
         <input_file_ref idref="fl-2"/>
      </object_component>
      <object_component id="oc-82">
         <name>.debug_info</name>
         <load_address>0x1ee9</load_address>
         <run_address>0x1ee9</run_address>
         <size>0x26b</size>
         <input_file_ref idref="fl-2"/>
      </object_component>
      <object_component id="oc-c4">
         <name>.debug_info</name>
         <load_address>0x2154</load_address>
         <run_address>0x2154</run_address>
         <size>0x8b</size>
         <input_file_ref idref="fl-2"/>
      </object_component>
      <object_component id="oc-bf">
         <name>.debug_info</name>
         <load_address>0x21df</load_address>
         <run_address>0x21df</run_address>
         <size>0x297</size>
         <input_file_ref idref="fl-2"/>
      </object_component>
      <object_component id="oc-87">
         <name>.debug_info</name>
         <load_address>0x2476</load_address>
         <run_address>0x2476</run_address>
         <size>0xbb</size>
         <input_file_ref idref="fl-2"/>
      </object_component>
      <object_component id="oc-3e">
         <name>.debug_info</name>
         <load_address>0x2531</load_address>
         <run_address>0x2531</run_address>
         <size>0x29d</size>
         <input_file_ref idref="fl-3"/>
      </object_component>
      <object_component id="oc-10">
         <name>.debug_info</name>
         <load_address>0x27ce</load_address>
         <run_address>0x27ce</run_address>
         <size>0xdc</size>
         <input_file_ref idref="fl-3"/>
      </object_component>
      <object_component id="oc-28">
         <name>.debug_info</name>
         <load_address>0x28aa</load_address>
         <run_address>0x28aa</run_address>
         <size>0x10c</size>
         <input_file_ref idref="fl-3"/>
      </object_component>
      <object_component id="oc-2c">
         <name>.debug_info</name>
         <load_address>0x29b6</load_address>
         <run_address>0x29b6</run_address>
         <size>0xfb</size>
         <input_file_ref idref="fl-3"/>
      </object_component>
      <object_component id="oc-37">
         <name>.debug_info</name>
         <load_address>0x2ab1</load_address>
         <run_address>0x2ab1</run_address>
         <size>0x115</size>
         <input_file_ref idref="fl-3"/>
      </object_component>
      <object_component id="oc-33">
         <name>.debug_info</name>
         <load_address>0x2bc6</load_address>
         <run_address>0x2bc6</run_address>
         <size>0x103</size>
         <input_file_ref idref="fl-3"/>
      </object_component>
      <object_component id="oc-45">
         <name>.debug_info</name>
         <load_address>0x2cc9</load_address>
         <run_address>0x2cc9</run_address>
         <size>0x84</size>
         <input_file_ref idref="fl-3"/>
      </object_component>
      <object_component id="oc-1f7">
         <name>.debug_info</name>
         <load_address>0x2d4d</load_address>
         <run_address>0x2d4d</run_address>
         <size>0x13b</size>
         <input_file_ref idref="fl-be"/>
      </object_component>
      <object_component id="oc-1fc">
         <name>.debug_info</name>
         <load_address>0x2e88</load_address>
         <run_address>0x2e88</run_address>
         <size>0x12f</size>
         <input_file_ref idref="fl-bf"/>
      </object_component>
      <object_component id="oc-1f2">
         <name>.debug_info</name>
         <load_address>0x2fb7</load_address>
         <run_address>0x2fb7</run_address>
         <size>0x12f</size>
         <input_file_ref idref="fl-c0"/>
      </object_component>
      <object_component id="oc-a0">
         <name>.debug_info</name>
         <load_address>0x30e6</load_address>
         <run_address>0x30e6</run_address>
         <size>0x2d5</size>
         <input_file_ref idref="fl-c1"/>
      </object_component>
      <object_component id="oc-59">
         <name>.debug_info</name>
         <load_address>0x33bb</load_address>
         <run_address>0x33bb</run_address>
         <size>0x1d3</size>
         <input_file_ref idref="fl-c1"/>
      </object_component>
      <object_component id="oc-9b">
         <name>.debug_info</name>
         <load_address>0x358e</load_address>
         <run_address>0x358e</run_address>
         <size>0x46</size>
         <input_file_ref idref="fl-c1"/>
      </object_component>
      <object_component id="oc-d2">
         <name>.debug_info</name>
         <load_address>0x35d4</load_address>
         <run_address>0x35d4</run_address>
         <size>0x2c</size>
         <input_file_ref idref="fl-c1"/>
      </object_component>
      <object_component id="oc-55">
         <name>.debug_info</name>
         <load_address>0x3600</load_address>
         <run_address>0x3600</run_address>
         <size>0x2a9</size>
         <input_file_ref idref="fl-c2"/>
      </object_component>
      <object_component id="oc-1b">
         <name>.debug_info</name>
         <load_address>0x38a9</load_address>
         <run_address>0x38a9</run_address>
         <size>0x1eb</size>
         <input_file_ref idref="fl-c2"/>
      </object_component>
      <object_component id="oc-50">
         <name>.debug_info</name>
         <load_address>0x3a94</load_address>
         <run_address>0x3a94</run_address>
         <size>0x46</size>
         <input_file_ref idref="fl-c2"/>
      </object_component>
      <object_component id="oc-93">
         <name>.debug_info</name>
         <load_address>0x3ada</load_address>
         <run_address>0x3ada</run_address>
         <size>0x2c</size>
         <input_file_ref idref="fl-c2"/>
      </object_component>
      <object_component id="oc-91">
         <name>.debug_info</name>
         <load_address>0x3b06</load_address>
         <run_address>0x3b06</run_address>
         <size>0x29f</size>
         <input_file_ref idref="fl-c3"/>
      </object_component>
      <object_component id="oc-13">
         <name>.debug_info</name>
         <load_address>0x3da5</load_address>
         <run_address>0x3da5</run_address>
         <size>0x251</size>
         <input_file_ref idref="fl-c3"/>
      </object_component>
      <object_component id="oc-40">
         <name>.debug_info</name>
         <load_address>0x3ff6</load_address>
         <run_address>0x3ff6</run_address>
         <size>0x60</size>
         <input_file_ref idref="fl-c3"/>
      </object_component>
      <object_component id="oc-cb">
         <name>.debug_info</name>
         <load_address>0x4056</load_address>
         <run_address>0x4056</run_address>
         <size>0x46</size>
         <input_file_ref idref="fl-c3"/>
      </object_component>
      <object_component id="oc-8c">
         <name>.debug_info</name>
         <load_address>0x409c</load_address>
         <run_address>0x409c</run_address>
         <size>0x39</size>
         <input_file_ref idref="fl-c3"/>
      </object_component>
      <object_component id="oc-22">
         <name>.debug_info</name>
         <load_address>0x40d5</load_address>
         <run_address>0x40d5</run_address>
         <size>0x10c</size>
         <input_file_ref idref="fl-c4"/>
      </object_component>
      <object_component id="oc-69">
         <name>.debug_info</name>
         <load_address>0x41e1</load_address>
         <run_address>0x41e1</run_address>
         <size>0x1aa</size>
         <input_file_ref idref="fl-c4"/>
      </object_component>
      <object_component id="oc-4d">
         <name>.debug_info</name>
         <load_address>0x438b</load_address>
         <run_address>0x438b</run_address>
         <size>0x11a</size>
         <input_file_ref idref="fl-c6"/>
      </object_component>
      <object_component id="oc-1b4">
         <name>.debug_info</name>
         <load_address>0x44a5</load_address>
         <run_address>0x44a5</run_address>
         <size>0x4b4</size>
         <input_file_ref idref="fl-c7"/>
      </object_component>
      <object_component id="oc-113">
         <name>.debug_info</name>
         <load_address>0x4959</load_address>
         <run_address>0x4959</run_address>
         <size>0x1a7</size>
         <input_file_ref idref="fl-c7"/>
      </object_component>
      <object_component id="oc-210">
         <name>.debug_info</name>
         <load_address>0x4b00</load_address>
         <run_address>0x4b00</run_address>
         <size>0x39</size>
         <input_file_ref idref="fl-c7"/>
      </object_component>
      <object_component id="oc-236">
         <name>.debug_info</name>
         <load_address>0x4b39</load_address>
         <run_address>0x4b39</run_address>
         <size>0x39</size>
         <input_file_ref idref="fl-c7"/>
      </object_component>
      <object_component id="oc-215">
         <name>.debug_info</name>
         <load_address>0x4b72</load_address>
         <run_address>0x4b72</run_address>
         <size>0x39</size>
         <input_file_ref idref="fl-c7"/>
      </object_component>
      <object_component id="oc-21a">
         <name>.debug_info</name>
         <load_address>0x4bab</load_address>
         <run_address>0x4bab</run_address>
         <size>0xcd</size>
         <input_file_ref idref="fl-c7"/>
      </object_component>
      <object_component id="oc-a8">
         <name>.debug_info</name>
         <load_address>0x4c78</load_address>
         <run_address>0x4c78</run_address>
         <size>0x154</size>
         <input_file_ref idref="fl-c8"/>
      </object_component>
      <object_component id="oc-106">
         <name>.debug_info</name>
         <load_address>0x4dcc</load_address>
         <run_address>0x4dcc</run_address>
         <size>0x123</size>
         <input_file_ref idref="fl-ca"/>
      </object_component>
      <object_component id="oc-1e2">
         <name>.debug_info</name>
         <load_address>0x4eef</load_address>
         <run_address>0x4eef</run_address>
         <size>0x240</size>
         <input_file_ref idref="fl-cd"/>
      </object_component>
      <object_component id="oc-1df">
         <name>.debug_info</name>
         <load_address>0x512f</load_address>
         <run_address>0x512f</run_address>
         <size>0x15b</size>
         <input_file_ref idref="fl-cd"/>
      </object_component>
      <object_component id="oc-18c">
         <name>.debug_info</name>
         <load_address>0x528a</load_address>
         <run_address>0x528a</run_address>
         <size>0x2a3</size>
         <input_file_ref idref="fl-cd"/>
      </object_component>
      <object_component id="oc-1d2">
         <name>.debug_info</name>
         <load_address>0x552d</load_address>
         <run_address>0x552d</run_address>
         <size>0x2b3</size>
         <input_file_ref idref="fl-cd"/>
      </object_component>
      <object_component id="oc-1d8">
         <name>.debug_info</name>
         <load_address>0x57e0</load_address>
         <run_address>0x57e0</run_address>
         <size>0x316</size>
         <input_file_ref idref="fl-cd"/>
      </object_component>
      <object_component id="oc-16a">
         <name>.debug_info</name>
         <load_address>0x5af6</load_address>
         <run_address>0x5af6</run_address>
         <size>0x27b</size>
         <input_file_ref idref="fl-cd"/>
      </object_component>
      <object_component id="oc-164">
         <name>.debug_info</name>
         <load_address>0x5d71</load_address>
         <run_address>0x5d71</run_address>
         <size>0x279</size>
         <input_file_ref idref="fl-cd"/>
      </object_component>
      <object_component id="oc-15e">
         <name>.debug_info</name>
         <load_address>0x5fea</load_address>
         <run_address>0x5fea</run_address>
         <size>0x285</size>
         <input_file_ref idref="fl-cd"/>
      </object_component>
      <object_component id="oc-152">
         <name>.debug_info</name>
         <load_address>0x626f</load_address>
         <run_address>0x626f</run_address>
         <size>0x279</size>
         <input_file_ref idref="fl-cd"/>
      </object_component>
      <object_component id="oc-158">
         <name>.debug_info</name>
         <load_address>0x64e8</load_address>
         <run_address>0x64e8</run_address>
         <size>0x280</size>
         <input_file_ref idref="fl-cd"/>
      </object_component>
      <object_component id="oc-1ca">
         <name>.debug_info</name>
         <load_address>0x6768</load_address>
         <run_address>0x6768</run_address>
         <size>0x18b</size>
         <input_file_ref idref="fl-cd"/>
      </object_component>
      <object_component id="oc-1cf">
         <name>.debug_info</name>
         <load_address>0x68f3</load_address>
         <run_address>0x68f3</run_address>
         <size>0x298</size>
         <input_file_ref idref="fl-cf"/>
      </object_component>
      <object_component id="oc-1e8">
         <name>.debug_info</name>
         <load_address>0x6b8b</load_address>
         <run_address>0x6b8b</run_address>
         <size>0x14d</size>
         <input_file_ref idref="fl-cf"/>
      </object_component>
      <object_component id="oc-14b">
         <name>.debug_info</name>
         <load_address>0x6cd8</load_address>
         <run_address>0x6cd8</run_address>
         <size>0x295</size>
         <input_file_ref idref="fl-cf"/>
      </object_component>
      <object_component id="oc-145">
         <name>.debug_info</name>
         <load_address>0x6f6d</load_address>
         <run_address>0x6f6d</run_address>
         <size>0x27d</size>
         <input_file_ref idref="fl-cf"/>
      </object_component>
      <object_component id="oc-171">
         <name>.debug_info</name>
         <load_address>0x71ea</load_address>
         <run_address>0x71ea</run_address>
         <size>0x2db</size>
         <input_file_ref idref="fl-cf"/>
      </object_component>
      <object_component id="oc-177">
         <name>.debug_info</name>
         <load_address>0x74c5</load_address>
         <run_address>0x74c5</run_address>
         <size>0x2b5</size>
         <input_file_ref idref="fl-cf"/>
      </object_component>
      <object_component id="oc-223">
         <name>.debug_info</name>
         <load_address>0x777a</load_address>
         <run_address>0x777a</run_address>
         <size>0x5f</size>
         <input_file_ref idref="fl-cf"/>
      </object_component>
      <object_component id="oc-26e">
         <name>.debug_info</name>
         <load_address>0x77d9</load_address>
         <run_address>0x77d9</run_address>
         <size>0x9c</size>
      </object_component>
      <object_component id="oc-143">
         <name>.debug_line</name>
         <load_address>0x0</load_address>
         <run_address>0x0</run_address>
         <size>0xd8</size>
         <input_file_ref idref="fl-2"/>
      </object_component>
      <object_component id="oc-1a8">
         <name>.debug_line</name>
         <load_address>0xd8</load_address>
         <run_address>0xd8</run_address>
         <size>0x2f</size>
         <input_file_ref idref="fl-2"/>
      </object_component>
      <object_component id="oc-f1">
         <name>.debug_line</name>
         <load_address>0x107</load_address>
         <run_address>0x107</run_address>
         <size>0x51</size>
         <input_file_ref idref="fl-2"/>
      </object_component>
      <object_component id="oc-df">
         <name>.debug_line</name>
         <load_address>0x158</load_address>
         <run_address>0x158</run_address>
         <size>0x4f</size>
         <input_file_ref idref="fl-2"/>
      </object_component>
      <object_component id="oc-e5">
         <name>.debug_line</name>
         <load_address>0x1a7</load_address>
         <run_address>0x1a7</run_address>
         <size>0x50</size>
         <input_file_ref idref="fl-2"/>
      </object_component>
      <object_component id="oc-180">
         <name>.debug_line</name>
         <load_address>0x1f7</load_address>
         <run_address>0x1f7</run_address>
         <size>0x7c</size>
         <input_file_ref idref="fl-2"/>
      </object_component>
      <object_component id="oc-186">
         <name>.debug_line</name>
         <load_address>0x273</load_address>
         <run_address>0x273</run_address>
         <size>0x6a</size>
         <input_file_ref idref="fl-2"/>
      </object_component>
      <object_component id="oc-eb">
         <name>.debug_line</name>
         <load_address>0x2dd</load_address>
         <run_address>0x2dd</run_address>
         <size>0x4c</size>
         <input_file_ref idref="fl-2"/>
      </object_component>
      <object_component id="oc-195">
         <name>.debug_line</name>
         <load_address>0x329</load_address>
         <run_address>0x329</run_address>
         <size>0x6d</size>
         <input_file_ref idref="fl-2"/>
      </object_component>
      <object_component id="oc-f7">
         <name>.debug_line</name>
         <load_address>0x396</load_address>
         <run_address>0x396</run_address>
         <size>0x72</size>
         <input_file_ref idref="fl-2"/>
      </object_component>
      <object_component id="oc-19c">
         <name>.debug_line</name>
         <load_address>0x408</load_address>
         <run_address>0x408</run_address>
         <size>0x45</size>
         <input_file_ref idref="fl-2"/>
      </object_component>
      <object_component id="oc-1a2">
         <name>.debug_line</name>
         <load_address>0x44d</load_address>
         <run_address>0x44d</run_address>
         <size>0x6a</size>
         <input_file_ref idref="fl-2"/>
      </object_component>
      <object_component id="oc-fe">
         <name>.debug_line</name>
         <load_address>0x4b7</load_address>
         <run_address>0x4b7</run_address>
         <size>0x7c</size>
         <input_file_ref idref="fl-2"/>
      </object_component>
      <object_component id="oc-b1">
         <name>.debug_line</name>
         <load_address>0x533</load_address>
         <run_address>0x533</run_address>
         <size>0x4d</size>
         <input_file_ref idref="fl-2"/>
      </object_component>
      <object_component id="oc-85">
         <name>.debug_line</name>
         <load_address>0x580</load_address>
         <run_address>0x580</run_address>
         <size>0x6f</size>
         <input_file_ref idref="fl-2"/>
      </object_component>
      <object_component id="oc-c7">
         <name>.debug_line</name>
         <load_address>0x5ef</load_address>
         <run_address>0x5ef</run_address>
         <size>0x20</size>
         <input_file_ref idref="fl-2"/>
      </object_component>
      <object_component id="oc-c2">
         <name>.debug_line</name>
         <load_address>0x60f</load_address>
         <run_address>0x60f</run_address>
         <size>0x73</size>
         <input_file_ref idref="fl-2"/>
      </object_component>
      <object_component id="oc-8a">
         <name>.debug_line</name>
         <load_address>0x682</load_address>
         <run_address>0x682</run_address>
         <size>0x70</size>
         <input_file_ref idref="fl-2"/>
      </object_component>
      <object_component id="oc-81">
         <name>.debug_line</name>
         <load_address>0x6f2</load_address>
         <run_address>0x6f2</run_address>
         <size>0x34</size>
         <input_file_ref idref="fl-3"/>
      </object_component>
      <object_component id="oc-3d">
         <name>.debug_line</name>
         <load_address>0x726</load_address>
         <run_address>0x726</run_address>
         <size>0x34</size>
         <input_file_ref idref="fl-3"/>
      </object_component>
      <object_component id="oc-26">
         <name>.debug_line</name>
         <load_address>0x75a</load_address>
         <run_address>0x75a</run_address>
         <size>0x46</size>
         <input_file_ref idref="fl-3"/>
      </object_component>
      <object_component id="oc-2f">
         <name>.debug_line</name>
         <load_address>0x7a0</load_address>
         <run_address>0x7a0</run_address>
         <size>0x49</size>
         <input_file_ref idref="fl-3"/>
      </object_component>
      <object_component id="oc-3b">
         <name>.debug_line</name>
         <load_address>0x7e9</load_address>
         <run_address>0x7e9</run_address>
         <size>0x49</size>
         <input_file_ref idref="fl-3"/>
      </object_component>
      <object_component id="oc-32">
         <name>.debug_line</name>
         <load_address>0x832</load_address>
         <run_address>0x832</run_address>
         <size>0x49</size>
         <input_file_ref idref="fl-3"/>
      </object_component>
      <object_component id="oc-48">
         <name>.debug_line</name>
         <load_address>0x87b</load_address>
         <run_address>0x87b</run_address>
         <size>0x20</size>
         <input_file_ref idref="fl-3"/>
      </object_component>
      <object_component id="oc-1f6">
         <name>.debug_line</name>
         <load_address>0x89b</load_address>
         <run_address>0x89b</run_address>
         <size>0x8e</size>
         <input_file_ref idref="fl-be"/>
      </object_component>
      <object_component id="oc-1fa">
         <name>.debug_line</name>
         <load_address>0x929</load_address>
         <run_address>0x929</run_address>
         <size>0x5a</size>
         <input_file_ref idref="fl-bf"/>
      </object_component>
      <object_component id="oc-1f0">
         <name>.debug_line</name>
         <load_address>0x983</load_address>
         <run_address>0x983</run_address>
         <size>0x4c</size>
         <input_file_ref idref="fl-c0"/>
      </object_component>
      <object_component id="oc-d8">
         <name>.debug_line</name>
         <load_address>0x9cf</load_address>
         <run_address>0x9cf</run_address>
         <size>0x92</size>
         <input_file_ref idref="fl-c1"/>
      </object_component>
      <object_component id="oc-5b">
         <name>.debug_line</name>
         <load_address>0xa61</load_address>
         <run_address>0xa61</run_address>
         <size>0x56</size>
         <input_file_ref idref="fl-c1"/>
      </object_component>
      <object_component id="oc-9e">
         <name>.debug_line</name>
         <load_address>0xab7</load_address>
         <run_address>0xab7</run_address>
         <size>0x34</size>
         <input_file_ref idref="fl-c1"/>
      </object_component>
      <object_component id="oc-d5">
         <name>.debug_line</name>
         <load_address>0xaeb</load_address>
         <run_address>0xaeb</run_address>
         <size>0x92</size>
         <input_file_ref idref="fl-c1"/>
      </object_component>
      <object_component id="oc-99">
         <name>.debug_line</name>
         <load_address>0xb7d</load_address>
         <run_address>0xb7d</run_address>
         <size>0x20</size>
         <input_file_ref idref="fl-c2"/>
      </object_component>
      <object_component id="oc-19">
         <name>.debug_line</name>
         <load_address>0xb9d</load_address>
         <run_address>0xb9d</run_address>
         <size>0x55</size>
         <input_file_ref idref="fl-c2"/>
      </object_component>
      <object_component id="oc-53">
         <name>.debug_line</name>
         <load_address>0xbf2</load_address>
         <run_address>0xbf2</run_address>
         <size>0x3a</size>
         <input_file_ref idref="fl-c2"/>
      </object_component>
      <object_component id="oc-96">
         <name>.debug_line</name>
         <load_address>0xc2c</load_address>
         <run_address>0xc2c</run_address>
         <size>0x92</size>
         <input_file_ref idref="fl-c2"/>
      </object_component>
      <object_component id="oc-d1">
         <name>.debug_line</name>
         <load_address>0xcbe</load_address>
         <run_address>0xcbe</run_address>
         <size>0x20</size>
         <input_file_ref idref="fl-c3"/>
      </object_component>
      <object_component id="oc-16">
         <name>.debug_line</name>
         <load_address>0xcde</load_address>
         <run_address>0xcde</run_address>
         <size>0xa9</size>
         <input_file_ref idref="fl-c3"/>
      </object_component>
      <object_component id="oc-43">
         <name>.debug_line</name>
         <load_address>0xd87</load_address>
         <run_address>0xd87</run_address>
         <size>0x3a</size>
         <input_file_ref idref="fl-c3"/>
      </object_component>
      <object_component id="oc-ce">
         <name>.debug_line</name>
         <load_address>0xdc1</load_address>
         <run_address>0xdc1</run_address>
         <size>0x9a</size>
         <input_file_ref idref="fl-c3"/>
      </object_component>
      <object_component id="oc-8f">
         <name>.debug_line</name>
         <load_address>0xe5b</load_address>
         <run_address>0xe5b</run_address>
         <size>0x96</size>
         <input_file_ref idref="fl-c3"/>
      </object_component>
      <object_component id="oc-7b">
         <name>.debug_line</name>
         <load_address>0xef1</load_address>
         <run_address>0xef1</run_address>
         <size>0x33</size>
         <input_file_ref idref="fl-c4"/>
      </object_component>
      <object_component id="oc-6d">
         <name>.debug_line</name>
         <load_address>0xf24</load_address>
         <run_address>0xf24</run_address>
         <size>0x45</size>
         <input_file_ref idref="fl-c4"/>
      </object_component>
      <object_component id="oc-4b">
         <name>.debug_line</name>
         <load_address>0xf69</load_address>
         <run_address>0xf69</run_address>
         <size>0x88</size>
         <input_file_ref idref="fl-c6"/>
      </object_component>
      <object_component id="oc-20f">
         <name>.debug_line</name>
         <load_address>0xff1</load_address>
         <run_address>0xff1</run_address>
         <size>0xbf</size>
         <input_file_ref idref="fl-c7"/>
      </object_component>
      <object_component id="oc-111">
         <name>.debug_line</name>
         <load_address>0x10b0</load_address>
         <run_address>0x10b0</run_address>
         <size>0x6f</size>
         <input_file_ref idref="fl-c7"/>
      </object_component>
      <object_component id="oc-213">
         <name>.debug_line</name>
         <load_address>0x111f</load_address>
         <run_address>0x111f</run_address>
         <size>0x2e</size>
         <input_file_ref idref="fl-c7"/>
      </object_component>
      <object_component id="oc-239">
         <name>.debug_line</name>
         <load_address>0x114d</load_address>
         <run_address>0x114d</run_address>
         <size>0x9a</size>
         <input_file_ref idref="fl-c7"/>
      </object_component>
      <object_component id="oc-218">
         <name>.debug_line</name>
         <load_address>0x11e7</load_address>
         <run_address>0x11e7</run_address>
         <size>0x97</size>
         <input_file_ref idref="fl-c7"/>
      </object_component>
      <object_component id="oc-21d">
         <name>.debug_line</name>
         <load_address>0x127e</load_address>
         <run_address>0x127e</run_address>
         <size>0x93</size>
         <input_file_ref idref="fl-c7"/>
      </object_component>
      <object_component id="oc-ac">
         <name>.debug_line</name>
         <load_address>0x1311</load_address>
         <run_address>0x1311</run_address>
         <size>0x40</size>
         <input_file_ref idref="fl-c8"/>
      </object_component>
      <object_component id="oc-109">
         <name>.debug_line</name>
         <load_address>0x1351</load_address>
         <run_address>0x1351</run_address>
         <size>0x3c</size>
         <input_file_ref idref="fl-ca"/>
      </object_component>
      <object_component id="oc-22d">
         <name>.debug_line</name>
         <load_address>0x138d</load_address>
         <run_address>0x138d</run_address>
         <size>0x82</size>
         <input_file_ref idref="fl-cd"/>
      </object_component>
      <object_component id="oc-22b">
         <name>.debug_line</name>
         <load_address>0x140f</load_address>
         <run_address>0x140f</run_address>
         <size>0x7d</size>
         <input_file_ref idref="fl-cd"/>
      </object_component>
      <object_component id="oc-18f">
         <name>.debug_line</name>
         <load_address>0x148c</load_address>
         <run_address>0x148c</run_address>
         <size>0x92</size>
         <input_file_ref idref="fl-cd"/>
      </object_component>
      <object_component id="oc-1d5">
         <name>.debug_line</name>
         <load_address>0x151e</load_address>
         <run_address>0x151e</run_address>
         <size>0x95</size>
         <input_file_ref idref="fl-cd"/>
      </object_component>
      <object_component id="oc-1db">
         <name>.debug_line</name>
         <load_address>0x15b3</load_address>
         <run_address>0x15b3</run_address>
         <size>0xd1</size>
         <input_file_ref idref="fl-cd"/>
      </object_component>
      <object_component id="oc-16d">
         <name>.debug_line</name>
         <load_address>0x1684</load_address>
         <run_address>0x1684</run_address>
         <size>0x93</size>
         <input_file_ref idref="fl-cd"/>
      </object_component>
      <object_component id="oc-167">
         <name>.debug_line</name>
         <load_address>0x1717</load_address>
         <run_address>0x1717</run_address>
         <size>0x93</size>
         <input_file_ref idref="fl-cd"/>
      </object_component>
      <object_component id="oc-161">
         <name>.debug_line</name>
         <load_address>0x17aa</load_address>
         <run_address>0x17aa</run_address>
         <size>0x93</size>
         <input_file_ref idref="fl-cd"/>
      </object_component>
      <object_component id="oc-155">
         <name>.debug_line</name>
         <load_address>0x183d</load_address>
         <run_address>0x183d</run_address>
         <size>0x93</size>
         <input_file_ref idref="fl-cd"/>
      </object_component>
      <object_component id="oc-15b">
         <name>.debug_line</name>
         <load_address>0x18d0</load_address>
         <run_address>0x18d0</run_address>
         <size>0xa7</size>
         <input_file_ref idref="fl-cd"/>
      </object_component>
      <object_component id="oc-1cd">
         <name>.debug_line</name>
         <load_address>0x1977</load_address>
         <run_address>0x1977</run_address>
         <size>0x69</size>
         <input_file_ref idref="fl-cd"/>
      </object_component>
      <object_component id="oc-222">
         <name>.debug_line</name>
         <load_address>0x19e0</load_address>
         <run_address>0x19e0</run_address>
         <size>0x13d</size>
         <input_file_ref idref="fl-cf"/>
      </object_component>
      <object_component id="oc-22f">
         <name>.debug_line</name>
         <load_address>0x1b1d</load_address>
         <run_address>0x1b1d</run_address>
         <size>0x7f</size>
         <input_file_ref idref="fl-cf"/>
      </object_component>
      <object_component id="oc-14e">
         <name>.debug_line</name>
         <load_address>0x1b9c</load_address>
         <run_address>0x1b9c</run_address>
         <size>0xa7</size>
         <input_file_ref idref="fl-cf"/>
      </object_component>
      <object_component id="oc-148">
         <name>.debug_line</name>
         <load_address>0x1c43</load_address>
         <run_address>0x1c43</run_address>
         <size>0x94</size>
         <input_file_ref idref="fl-cf"/>
      </object_component>
      <object_component id="oc-174">
         <name>.debug_line</name>
         <load_address>0x1cd7</load_address>
         <run_address>0x1cd7</run_address>
         <size>0xee</size>
         <input_file_ref idref="fl-cf"/>
      </object_component>
      <object_component id="oc-17a">
         <name>.debug_line</name>
         <load_address>0x1dc5</load_address>
         <run_address>0x1dc5</run_address>
         <size>0x11a</size>
         <input_file_ref idref="fl-cf"/>
      </object_component>
      <object_component id="oc-226">
         <name>.debug_line</name>
         <load_address>0x1edf</load_address>
         <run_address>0x1edf</run_address>
         <size>0x7f</size>
         <input_file_ref idref="fl-cf"/>
      </object_component>
      <object_component id="oc-f2">
         <name>.debug_frame</name>
         <load_address>0x0</load_address>
         <run_address>0x0</run_address>
         <size>0x5c</size>
         <input_file_ref idref="fl-2"/>
      </object_component>
      <object_component id="oc-e0">
         <name>.debug_frame</name>
         <load_address>0x5c</load_address>
         <run_address>0x5c</run_address>
         <size>0x58</size>
         <input_file_ref idref="fl-2"/>
      </object_component>
      <object_component id="oc-e6">
         <name>.debug_frame</name>
         <load_address>0xb4</load_address>
         <run_address>0xb4</run_address>
         <size>0x58</size>
         <input_file_ref idref="fl-2"/>
      </object_component>
      <object_component id="oc-181">
         <name>.debug_frame</name>
         <load_address>0x10c</load_address>
         <run_address>0x10c</run_address>
         <size>0x58</size>
         <input_file_ref idref="fl-2"/>
      </object_component>
      <object_component id="oc-187">
         <name>.debug_frame</name>
         <load_address>0x164</load_address>
         <run_address>0x164</run_address>
         <size>0x54</size>
         <input_file_ref idref="fl-2"/>
      </object_component>
      <object_component id="oc-ec">
         <name>.debug_frame</name>
         <load_address>0x1b8</load_address>
         <run_address>0x1b8</run_address>
         <size>0x60</size>
         <input_file_ref idref="fl-2"/>
      </object_component>
      <object_component id="oc-196">
         <name>.debug_frame</name>
         <load_address>0x218</load_address>
         <run_address>0x218</run_address>
         <size>0x54</size>
         <input_file_ref idref="fl-2"/>
      </object_component>
      <object_component id="oc-f8">
         <name>.debug_frame</name>
         <load_address>0x26c</load_address>
         <run_address>0x26c</run_address>
         <size>0x60</size>
         <input_file_ref idref="fl-2"/>
      </object_component>
      <object_component id="oc-19d">
         <name>.debug_frame</name>
         <load_address>0x2cc</load_address>
         <run_address>0x2cc</run_address>
         <size>0x58</size>
         <input_file_ref idref="fl-2"/>
      </object_component>
      <object_component id="oc-1a3">
         <name>.debug_frame</name>
         <load_address>0x324</load_address>
         <run_address>0x324</run_address>
         <size>0x54</size>
         <input_file_ref idref="fl-2"/>
      </object_component>
      <object_component id="oc-ff">
         <name>.debug_frame</name>
         <load_address>0x378</load_address>
         <run_address>0x378</run_address>
         <size>0x5c</size>
         <input_file_ref idref="fl-2"/>
      </object_component>
      <object_component id="oc-b2">
         <name>.debug_frame</name>
         <load_address>0x3d4</load_address>
         <run_address>0x3d4</run_address>
         <size>0x58</size>
         <input_file_ref idref="fl-2"/>
      </object_component>
      <object_component id="oc-25">
         <name>.debug_frame</name>
         <load_address>0x42c</load_address>
         <run_address>0x42c</run_address>
         <size>0x54</size>
         <input_file_ref idref="fl-3"/>
      </object_component>
      <object_component id="oc-2b">
         <name>.debug_frame</name>
         <load_address>0x480</load_address>
         <run_address>0x480</run_address>
         <size>0x54</size>
         <input_file_ref idref="fl-3"/>
      </object_component>
      <object_component id="oc-3a">
         <name>.debug_frame</name>
         <load_address>0x4d4</load_address>
         <run_address>0x4d4</run_address>
         <size>0x54</size>
         <input_file_ref idref="fl-3"/>
      </object_component>
      <object_component id="oc-31">
         <name>.debug_frame</name>
         <load_address>0x528</load_address>
         <run_address>0x528</run_address>
         <size>0x54</size>
         <input_file_ref idref="fl-3"/>
      </object_component>
      <object_component id="oc-58">
         <name>.debug_frame</name>
         <load_address>0x57c</load_address>
         <run_address>0x57c</run_address>
         <size>0x54</size>
         <input_file_ref idref="fl-c1"/>
      </object_component>
      <object_component id="oc-1a">
         <name>.debug_frame</name>
         <load_address>0x5d0</load_address>
         <run_address>0x5d0</run_address>
         <size>0x54</size>
         <input_file_ref idref="fl-c2"/>
      </object_component>
      <object_component id="oc-17">
         <name>.debug_frame</name>
         <load_address>0x624</load_address>
         <run_address>0x624</run_address>
         <size>0x60</size>
         <input_file_ref idref="fl-c3"/>
      </object_component>
      <object_component id="oc-6c">
         <name>.debug_frame</name>
         <load_address>0x684</load_address>
         <run_address>0x684</run_address>
         <size>0x50</size>
         <input_file_ref idref="fl-c4"/>
      </object_component>
      <object_component id="oc-115">
         <name>.debug_frame</name>
         <load_address>0x6d4</load_address>
         <run_address>0x6d4</run_address>
         <size>0x5c</size>
         <input_file_ref idref="fl-c7"/>
      </object_component>
      <object_component id="oc-ab">
         <name>.debug_frame</name>
         <load_address>0x730</load_address>
         <run_address>0x730</run_address>
         <size>0x54</size>
         <input_file_ref idref="fl-c8"/>
      </object_component>
      <object_component id="oc-108">
         <name>.debug_frame</name>
         <load_address>0x784</load_address>
         <run_address>0x784</run_address>
         <size>0x54</size>
         <input_file_ref idref="fl-ca"/>
      </object_component>
      <object_component id="oc-190">
         <name>.debug_frame</name>
         <load_address>0x7d8</load_address>
         <run_address>0x7d8</run_address>
         <size>0x7f</size>
         <input_file_ref idref="fl-cd"/>
      </object_component>
      <object_component id="oc-1d6">
         <name>.debug_frame</name>
         <load_address>0x857</load_address>
         <run_address>0x857</run_address>
         <size>0x7f</size>
         <input_file_ref idref="fl-cd"/>
      </object_component>
      <object_component id="oc-1dc">
         <name>.debug_frame</name>
         <load_address>0x8d6</load_address>
         <run_address>0x8d6</run_address>
         <size>0x8f</size>
         <input_file_ref idref="fl-cd"/>
      </object_component>
      <object_component id="oc-16e">
         <name>.debug_frame</name>
         <load_address>0x965</load_address>
         <run_address>0x965</run_address>
         <size>0x86</size>
         <input_file_ref idref="fl-cd"/>
      </object_component>
      <object_component id="oc-168">
         <name>.debug_frame</name>
         <load_address>0x9eb</load_address>
         <run_address>0x9eb</run_address>
         <size>0x86</size>
         <input_file_ref idref="fl-cd"/>
      </object_component>
      <object_component id="oc-162">
         <name>.debug_frame</name>
         <load_address>0xa71</load_address>
         <run_address>0xa71</run_address>
         <size>0x86</size>
         <input_file_ref idref="fl-cd"/>
      </object_component>
      <object_component id="oc-156">
         <name>.debug_frame</name>
         <load_address>0xaf7</load_address>
         <run_address>0xaf7</run_address>
         <size>0x86</size>
         <input_file_ref idref="fl-cd"/>
      </object_component>
      <object_component id="oc-15c">
         <name>.debug_frame</name>
         <load_address>0xb7d</load_address>
         <run_address>0xb7d</run_address>
         <size>0x86</size>
         <input_file_ref idref="fl-cd"/>
      </object_component>
      <object_component id="oc-14f">
         <name>.debug_frame</name>
         <load_address>0xc03</load_address>
         <run_address>0xc03</run_address>
         <size>0x85</size>
         <input_file_ref idref="fl-cf"/>
      </object_component>
      <object_component id="oc-149">
         <name>.debug_frame</name>
         <load_address>0xc88</load_address>
         <run_address>0xc88</run_address>
         <size>0x7f</size>
         <input_file_ref idref="fl-cf"/>
      </object_component>
      <object_component id="oc-175">
         <name>.debug_frame</name>
         <load_address>0xd07</load_address>
         <run_address>0xd07</run_address>
         <size>0x93</size>
         <input_file_ref idref="fl-cf"/>
      </object_component>
      <object_component id="oc-17b">
         <name>.debug_frame</name>
         <load_address>0xd9a</load_address>
         <run_address>0xd9a</run_address>
         <size>0x8e</size>
         <input_file_ref idref="fl-cf"/>
      </object_component>
      <object_component id="oc-142">
         <name>.debug_abbrev</name>
         <load_address>0x0</load_address>
         <run_address>0x0</run_address>
         <size>0xed</size>
         <input_file_ref idref="fl-2"/>
      </object_component>
      <object_component id="oc-1a7">
         <name>.debug_abbrev</name>
         <load_address>0xed</load_address>
         <run_address>0xed</run_address>
         <size>0x29</size>
         <input_file_ref idref="fl-2"/>
      </object_component>
      <object_component id="oc-18a">
         <name>.debug_abbrev</name>
         <load_address>0x116</load_address>
         <run_address>0x116</run_address>
         <size>0x6c</size>
         <input_file_ref idref="fl-2"/>
      </object_component>
      <object_component id="oc-150">
         <name>.debug_abbrev</name>
         <load_address>0x182</load_address>
         <run_address>0x182</run_address>
         <size>0x5e</size>
         <input_file_ref idref="fl-2"/>
      </object_component>
      <object_component id="oc-16f">
         <name>.debug_abbrev</name>
         <load_address>0x1e0</load_address>
         <run_address>0x1e0</run_address>
         <size>0x5e</size>
         <input_file_ref idref="fl-2"/>
      </object_component>
      <object_component id="oc-1eb">
         <name>.debug_abbrev</name>
         <load_address>0x23e</load_address>
         <run_address>0x23e</run_address>
         <size>0x6c</size>
         <input_file_ref idref="fl-2"/>
      </object_component>
      <object_component id="oc-1ec">
         <name>.debug_abbrev</name>
         <load_address>0x2aa</load_address>
         <run_address>0x2aa</run_address>
         <size>0x6c</size>
         <input_file_ref idref="fl-2"/>
      </object_component>
      <object_component id="oc-188">
         <name>.debug_abbrev</name>
         <load_address>0x316</load_address>
         <run_address>0x316</run_address>
         <size>0x5e</size>
         <input_file_ref idref="fl-2"/>
      </object_component>
      <object_component id="oc-1ee">
         <name>.debug_abbrev</name>
         <load_address>0x374</load_address>
         <run_address>0x374</run_address>
         <size>0x6c</size>
         <input_file_ref idref="fl-2"/>
      </object_component>
      <object_component id="oc-197">
         <name>.debug_abbrev</name>
         <load_address>0x3e0</load_address>
         <run_address>0x3e0</run_address>
         <size>0x6c</size>
         <input_file_ref idref="fl-2"/>
      </object_component>
      <object_component id="oc-1fe">
         <name>.debug_abbrev</name>
         <load_address>0x44c</load_address>
         <run_address>0x44c</run_address>
         <size>0x7a</size>
         <input_file_ref idref="fl-2"/>
      </object_component>
      <object_component id="oc-1ff">
         <name>.debug_abbrev</name>
         <load_address>0x4c6</load_address>
         <run_address>0x4c6</run_address>
         <size>0x6e</size>
         <input_file_ref idref="fl-2"/>
      </object_component>
      <object_component id="oc-1a6">
         <name>.debug_abbrev</name>
         <load_address>0x534</load_address>
         <run_address>0x534</run_address>
         <size>0x6c</size>
         <input_file_ref idref="fl-2"/>
      </object_component>
      <object_component id="oc-103">
         <name>.debug_abbrev</name>
         <load_address>0x5a0</load_address>
         <run_address>0x5a0</run_address>
         <size>0x60</size>
         <input_file_ref idref="fl-2"/>
      </object_component>
      <object_component id="oc-84">
         <name>.debug_abbrev</name>
         <load_address>0x600</load_address>
         <run_address>0x600</run_address>
         <size>0x69</size>
         <input_file_ref idref="fl-2"/>
      </object_component>
      <object_component id="oc-c6">
         <name>.debug_abbrev</name>
         <load_address>0x669</load_address>
         <run_address>0x669</run_address>
         <size>0x1f</size>
         <input_file_ref idref="fl-2"/>
      </object_component>
      <object_component id="oc-c1">
         <name>.debug_abbrev</name>
         <load_address>0x688</load_address>
         <run_address>0x688</run_address>
         <size>0x5c</size>
         <input_file_ref idref="fl-2"/>
      </object_component>
      <object_component id="oc-89">
         <name>.debug_abbrev</name>
         <load_address>0x6e4</load_address>
         <run_address>0x6e4</run_address>
         <size>0x24</size>
         <input_file_ref idref="fl-2"/>
      </object_component>
      <object_component id="oc-80">
         <name>.debug_abbrev</name>
         <load_address>0x708</load_address>
         <run_address>0x708</run_address>
         <size>0x68</size>
         <input_file_ref idref="fl-3"/>
      </object_component>
      <object_component id="oc-3c">
         <name>.debug_abbrev</name>
         <load_address>0x770</load_address>
         <run_address>0x770</run_address>
         <size>0x29</size>
         <input_file_ref idref="fl-3"/>
      </object_component>
      <object_component id="oc-7c">
         <name>.debug_abbrev</name>
         <load_address>0x799</load_address>
         <run_address>0x799</run_address>
         <size>0x50</size>
         <input_file_ref idref="fl-3"/>
      </object_component>
      <object_component id="oc-7d">
         <name>.debug_abbrev</name>
         <load_address>0x7e9</load_address>
         <run_address>0x7e9</run_address>
         <size>0x40</size>
         <input_file_ref idref="fl-3"/>
      </object_component>
      <object_component id="oc-7f">
         <name>.debug_abbrev</name>
         <load_address>0x829</load_address>
         <run_address>0x829</run_address>
         <size>0x40</size>
         <input_file_ref idref="fl-3"/>
      </object_component>
      <object_component id="oc-7e">
         <name>.debug_abbrev</name>
         <load_address>0x869</load_address>
         <run_address>0x869</run_address>
         <size>0x40</size>
         <input_file_ref idref="fl-3"/>
      </object_component>
      <object_component id="oc-47">
         <name>.debug_abbrev</name>
         <load_address>0x8a9</load_address>
         <run_address>0x8a9</run_address>
         <size>0x1f</size>
         <input_file_ref idref="fl-3"/>
      </object_component>
      <object_component id="oc-231">
         <name>.debug_abbrev</name>
         <load_address>0x8c8</load_address>
         <run_address>0x8c8</run_address>
         <size>0x3c</size>
         <input_file_ref idref="fl-be"/>
      </object_component>
      <object_component id="oc-232">
         <name>.debug_abbrev</name>
         <load_address>0x904</load_address>
         <run_address>0x904</run_address>
         <size>0x3c</size>
         <input_file_ref idref="fl-bf"/>
      </object_component>
      <object_component id="oc-230">
         <name>.debug_abbrev</name>
         <load_address>0x940</load_address>
         <run_address>0x940</run_address>
         <size>0x3e</size>
         <input_file_ref idref="fl-c0"/>
      </object_component>
      <object_component id="oc-d7">
         <name>.debug_abbrev</name>
         <load_address>0x97e</load_address>
         <run_address>0x97e</run_address>
         <size>0x5d</size>
         <input_file_ref idref="fl-c1"/>
      </object_component>
      <object_component id="oc-9a">
         <name>.debug_abbrev</name>
         <load_address>0x9db</load_address>
         <run_address>0x9db</run_address>
         <size>0x6f</size>
         <input_file_ref idref="fl-c1"/>
      </object_component>
      <object_component id="oc-9d">
         <name>.debug_abbrev</name>
         <load_address>0xa4a</load_address>
         <run_address>0xa4a</run_address>
         <size>0x24</size>
         <input_file_ref idref="fl-c1"/>
      </object_component>
      <object_component id="oc-d4">
         <name>.debug_abbrev</name>
         <load_address>0xa6e</load_address>
         <run_address>0xa6e</run_address>
         <size>0x24</size>
         <input_file_ref idref="fl-c1"/>
      </object_component>
      <object_component id="oc-98">
         <name>.debug_abbrev</name>
         <load_address>0xa92</load_address>
         <run_address>0xa92</run_address>
         <size>0x37</size>
         <input_file_ref idref="fl-c2"/>
      </object_component>
      <object_component id="oc-4f">
         <name>.debug_abbrev</name>
         <load_address>0xac9</load_address>
         <run_address>0xac9</run_address>
         <size>0x74</size>
         <input_file_ref idref="fl-c2"/>
      </object_component>
      <object_component id="oc-52">
         <name>.debug_abbrev</name>
         <load_address>0xb3d</load_address>
         <run_address>0xb3d</run_address>
         <size>0x24</size>
         <input_file_ref idref="fl-c2"/>
      </object_component>
      <object_component id="oc-95">
         <name>.debug_abbrev</name>
         <load_address>0xb61</load_address>
         <run_address>0xb61</run_address>
         <size>0x24</size>
         <input_file_ref idref="fl-c2"/>
      </object_component>
      <object_component id="oc-d0">
         <name>.debug_abbrev</name>
         <load_address>0xb85</load_address>
         <run_address>0xb85</run_address>
         <size>0x37</size>
         <input_file_ref idref="fl-c3"/>
      </object_component>
      <object_component id="oc-3f">
         <name>.debug_abbrev</name>
         <load_address>0xbbc</load_address>
         <run_address>0xbbc</run_address>
         <size>0x6f</size>
         <input_file_ref idref="fl-c3"/>
      </object_component>
      <object_component id="oc-42">
         <name>.debug_abbrev</name>
         <load_address>0xc2b</load_address>
         <run_address>0xc2b</run_address>
         <size>0x24</size>
         <input_file_ref idref="fl-c3"/>
      </object_component>
      <object_component id="oc-cd">
         <name>.debug_abbrev</name>
         <load_address>0xc4f</load_address>
         <run_address>0xc4f</run_address>
         <size>0x35</size>
         <input_file_ref idref="fl-c3"/>
      </object_component>
      <object_component id="oc-8e">
         <name>.debug_abbrev</name>
         <load_address>0xc84</load_address>
         <run_address>0xc84</run_address>
         <size>0x24</size>
         <input_file_ref idref="fl-c3"/>
      </object_component>
      <object_component id="oc-7a">
         <name>.debug_abbrev</name>
         <load_address>0xca8</load_address>
         <run_address>0xca8</run_address>
         <size>0x29</size>
         <input_file_ref idref="fl-c4"/>
      </object_component>
      <object_component id="oc-b6">
         <name>.debug_abbrev</name>
         <load_address>0xcd1</load_address>
         <run_address>0xcd1</run_address>
         <size>0x55</size>
         <input_file_ref idref="fl-c4"/>
      </object_component>
      <object_component id="oc-92">
         <name>.debug_abbrev</name>
         <load_address>0xd26</load_address>
         <run_address>0xd26</run_address>
         <size>0x3e</size>
         <input_file_ref idref="fl-c6"/>
      </object_component>
      <object_component id="oc-20e">
         <name>.debug_abbrev</name>
         <load_address>0xd64</load_address>
         <run_address>0xd64</run_address>
         <size>0xc0</size>
         <input_file_ref idref="fl-c7"/>
      </object_component>
      <object_component id="oc-1b3">
         <name>.debug_abbrev</name>
         <load_address>0xe24</load_address>
         <run_address>0xe24</run_address>
         <size>0x7e</size>
         <input_file_ref idref="fl-c7"/>
      </object_component>
      <object_component id="oc-212">
         <name>.debug_abbrev</name>
         <load_address>0xea2</load_address>
         <run_address>0xea2</run_address>
         <size>0x24</size>
         <input_file_ref idref="fl-c7"/>
      </object_component>
      <object_component id="oc-238">
         <name>.debug_abbrev</name>
         <load_address>0xec6</load_address>
         <run_address>0xec6</run_address>
         <size>0x24</size>
         <input_file_ref idref="fl-c7"/>
      </object_component>
      <object_component id="oc-217">
         <name>.debug_abbrev</name>
         <load_address>0xeea</load_address>
         <run_address>0xeea</run_address>
         <size>0x24</size>
         <input_file_ref idref="fl-c7"/>
      </object_component>
      <object_component id="oc-21c">
         <name>.debug_abbrev</name>
         <load_address>0xf0e</load_address>
         <run_address>0xf0e</run_address>
         <size>0x4b</size>
         <input_file_ref idref="fl-c7"/>
      </object_component>
      <object_component id="oc-da">
         <name>.debug_abbrev</name>
         <load_address>0xf59</load_address>
         <run_address>0xf59</run_address>
         <size>0x55</size>
         <input_file_ref idref="fl-c8"/>
      </object_component>
      <object_component id="oc-1a9">
         <name>.debug_abbrev</name>
         <load_address>0xfae</load_address>
         <run_address>0xfae</run_address>
         <size>0x45</size>
         <input_file_ref idref="fl-ca"/>
      </object_component>
      <object_component id="oc-22c">
         <name>.debug_abbrev</name>
         <load_address>0xff3</load_address>
         <run_address>0xff3</run_address>
         <size>0x72</size>
         <input_file_ref idref="fl-cd"/>
      </object_component>
      <object_component id="oc-22a">
         <name>.debug_abbrev</name>
         <load_address>0x1065</load_address>
         <run_address>0x1065</run_address>
         <size>0x27</size>
         <input_file_ref idref="fl-cd"/>
      </object_component>
      <object_component id="oc-1ed">
         <name>.debug_abbrev</name>
         <load_address>0x108c</load_address>
         <run_address>0x108c</run_address>
         <size>0x6c</size>
         <input_file_ref idref="fl-cd"/>
      </object_component>
      <object_component id="oc-228">
         <name>.debug_abbrev</name>
         <load_address>0x10f8</load_address>
         <run_address>0x10f8</run_address>
         <size>0x6c</size>
         <input_file_ref idref="fl-cd"/>
      </object_component>
      <object_component id="oc-229">
         <name>.debug_abbrev</name>
         <load_address>0x1164</load_address>
         <run_address>0x1164</run_address>
         <size>0x6c</size>
         <input_file_ref idref="fl-cd"/>
      </object_component>
      <object_component id="oc-1e5">
         <name>.debug_abbrev</name>
         <load_address>0x11d0</load_address>
         <run_address>0x11d0</run_address>
         <size>0x6c</size>
         <input_file_ref idref="fl-cd"/>
      </object_component>
      <object_component id="oc-1e4">
         <name>.debug_abbrev</name>
         <load_address>0x123c</load_address>
         <run_address>0x123c</run_address>
         <size>0x6c</size>
         <input_file_ref idref="fl-cd"/>
      </object_component>
      <object_component id="oc-1e3">
         <name>.debug_abbrev</name>
         <load_address>0x12a8</load_address>
         <run_address>0x12a8</run_address>
         <size>0x6c</size>
         <input_file_ref idref="fl-cd"/>
      </object_component>
      <object_component id="oc-1dd">
         <name>.debug_abbrev</name>
         <load_address>0x1314</load_address>
         <run_address>0x1314</run_address>
         <size>0x6c</size>
         <input_file_ref idref="fl-cd"/>
      </object_component>
      <object_component id="oc-1e1">
         <name>.debug_abbrev</name>
         <load_address>0x1380</load_address>
         <run_address>0x1380</run_address>
         <size>0x6c</size>
         <input_file_ref idref="fl-cd"/>
      </object_component>
      <object_component id="oc-1cc">
         <name>.debug_abbrev</name>
         <load_address>0x13ec</load_address>
         <run_address>0x13ec</run_address>
         <size>0x35</size>
         <input_file_ref idref="fl-cd"/>
      </object_component>
      <object_component id="oc-221">
         <name>.debug_abbrev</name>
         <load_address>0x1421</load_address>
         <run_address>0x1421</run_address>
         <size>0xb0</size>
         <input_file_ref idref="fl-cf"/>
      </object_component>
      <object_component id="oc-22e">
         <name>.debug_abbrev</name>
         <load_address>0x14d1</load_address>
         <run_address>0x14d1</run_address>
         <size>0x27</size>
         <input_file_ref idref="fl-cf"/>
      </object_component>
      <object_component id="oc-1d0">
         <name>.debug_abbrev</name>
         <load_address>0x14f8</load_address>
         <run_address>0x14f8</run_address>
         <size>0x6c</size>
         <input_file_ref idref="fl-cf"/>
[...]
            <object_component_ref idref="oc-af"/>
            <object_component_ref idref="oc-27"/>
            <object_component_ref idref="oc-2d"/>
            <object_component_ref idref="oc-38"/>
            <object_component_ref idref="oc-34"/>
            <object_component_ref idref="oc-1f5"/>
            <object_component_ref idref="oc-1fb"/>
            <object_component_ref idref="oc-1f1"/>
            <object_component_ref idref="oc-57"/>
            <object_component_ref idref="oc-1d"/>
            <object_component_ref idref="oc-15"/>
            <object_component_ref idref="oc-6a"/>
            <object_component_ref idref="oc-4c"/>
            <object_component_ref idref="oc-112"/>
            <object_component_ref idref="oc-a9"/>
            <object_component_ref idref="oc-105"/>
            <object_component_ref idref="oc-18d"/>
            <object_component_ref idref="oc-1d4"/>
            <object_component_ref idref="oc-1d9"/>
            <object_component_ref idref="oc-16b"/>
            <object_component_ref idref="oc-165"/>
            <object_component_ref idref="oc-15f"/>
            <object_component_ref idref="oc-153"/>
            <object_component_ref idref="oc-159"/>
            <object_component_ref idref="oc-14c"/>
            <object_component_ref idref="oc-146"/>
            <object_component_ref idref="oc-172"/>
            <object_component_ref idref="oc-178"/>
         </contents>
      </logical_group>
      <logical_group id="lg-25d" display="never" color="cyan">
         <name>.debug_pubnames</name>
         <load_address>0x0</load_address>
         <run_address>0x0</run_address>
         <size>0x71b</size>
         <contents>
            <object_component_ref idref="oc-ca"/>
            <object_component_ref idref="oc-102"/>
            <object_component_ref idref="oc-f0"/>
            <object_component_ref idref="oc-de"/>
            <object_component_ref idref="oc-e4"/>
            <object_component_ref idref="oc-17f"/>
            <object_component_ref idref="oc-185"/>
            <object_component_ref idref="oc-ea"/>
            <object_component_ref idref="oc-194"/>
            <object_component_ref idref="oc-f6"/>
            <object_component_ref idref="oc-19b"/>
            <object_component_ref idref="oc-1a1"/>
            <object_component_ref idref="oc-fd"/>
            <object_component_ref idref="oc-b0"/>
            <object_component_ref idref="oc-11"/>
            <object_component_ref idref="oc-29"/>
            <object_component_ref idref="oc-2e"/>
            <object_component_ref idref="oc-39"/>
            <object_component_ref idref="oc-35"/>
            <object_component_ref idref="oc-1f8"/>
            <object_component_ref idref="oc-1fd"/>
            <object_component_ref idref="oc-1f3"/>
            <object_component_ref idref="oc-5a"/>
            <object_component_ref idref="oc-1c"/>
            <object_component_ref idref="oc-14"/>
            <object_component_ref idref="oc-23"/>
            <object_component_ref idref="oc-6b"/>
            <object_component_ref idref="oc-4e"/>
            <object_component_ref idref="oc-114"/>
            <object_component_ref idref="oc-aa"/>
            <object_component_ref idref="oc-107"/>
            <object_component_ref idref="oc-1e0"/>
            <object_component_ref idref="oc-18e"/>
            <object_component_ref idref="oc-1d3"/>
            <object_component_ref idref="oc-1da"/>
            <object_component_ref idref="oc-16c"/>
            <object_component_ref idref="oc-166"/>
            <object_component_ref idref="oc-160"/>
            <object_component_ref idref="oc-154"/>
            <object_component_ref idref="oc-15a"/>
            <object_component_ref idref="oc-1e9"/>
            <object_component_ref idref="oc-14d"/>
            <object_component_ref idref="oc-147"/>
            <object_component_ref idref="oc-173"/>
            <object_component_ref idref="oc-179"/>
         </contents>
      </logical_group>
      <logical_group id="lg-25f" display="never" color="cyan">
         <name>.debug_pubtypes</name>
         <load_address>0x0</load_address>
         <run_address>0x0</run_address>
         <size>0xc87</size>
         <contents>
            <object_component_ref idref="oc-83"/>
            <object_component_ref idref="oc-c5"/>
            <object_component_ref idref="oc-c0"/>
            <object_component_ref idref="oc-88"/>
            <object_component_ref idref="oc-46"/>
            <object_component_ref idref="oc-9c"/>
            <object_component_ref idref="oc-d3"/>
            <object_component_ref idref="oc-51"/>
            <object_component_ref idref="oc-94"/>
            <object_component_ref idref="oc-41"/>
            <object_component_ref idref="oc-cc"/>
            <object_component_ref idref="oc-8d"/>
            <object_component_ref idref="oc-211"/>
            <object_component_ref idref="oc-237"/>
            <object_component_ref idref="oc-216"/>
            <object_component_ref idref="oc-21b"/>
            <object_component_ref idref="oc-1cb"/>
            <object_component_ref idref="oc-224"/>
         </contents>
      </logical_group>
      <load_segment id="lg-271" display="no" color="cyan">
         <name>SEGMENT_0</name>
         <load_address>0x0</load_address>
         <run_address>0x0</run_address>
         <size>0xea0</size>
         <flags>0x5</flags>
         <contents>
            <logical_group_ref idref="lg-3"/>
            <logical_group_ref idref="lg-4"/>
            <logical_group_ref idref="lg-5"/>
            <logical_group_ref idref="lg-6"/>
         </contents>
      </load_segment>
      <load_segment id="lg-272" display="no" color="cyan">
         <name>SEGMENT_1</name>
         <run_address>0x20000000</run_address>
         <size>0x23c</size>
         <flags>0x6</flags>
         <contents>
            <logical_group_ref idref="lg-d"/>
            <logical_group_ref idref="lg-a"/>
            <logical_group_ref idref="lg-b"/>
         </contents>
      </load_segment>
   </logical_group_list>
   <placement_map>
      <memory_area display="yes" color="green">
         <name>FLASH</name>
         <page_id>0x0</page_id>
         <origin>0x0</origin>
         <length>0x40000</length>
         <used_space>0xe9e</used_space>
         <unused_space>0x3f162</unused_space>
         <attributes>RX</attributes>
         <usage_details>
            <allocated_space>
               <start_address>0x0</start_address>
               <size>0x26c</size>
               <logical_group_ref idref="lg-3"/>
            </allocated_space>
            <allocated_space>
               <start_address>0x26c</start_address>
               <size>0xaee</size>
               <logical_group_ref idref="lg-4"/>
            </allocated_space>
            <available_space>
               <start_address>0xd5a</start_address>
               <size>0x2</size>
            </available_space>
            <allocated_space>
               <start_address>0xd5c</start_address>
               <size>0xfc</size>
               <logical_group_ref idref="lg-5"/>
            </allocated_space>
            <allocated_space>
               <start_address>0xe58</start_address>
               <size>0x48</size>
               <logical_group_ref idref="lg-6"/>
            </allocated_space>
            <available_space>
               <start_address>0xea0</start_address>
               <size>0x3f160</size>
            </available_space>
         </usage_details>
      </memory_area>
      <memory_area display="yes" color="green">
         <name>SRAM</name>
         <page_id>0x0</page_id>
         <origin>0x20000000</origin>
         <length>0x8000</length>
         <used_space>0x23c</used_space>
         <unused_space>0x7dc4</unused_space>
         <attributes>RWX</attributes>
         <usage_details>
            <allocated_space>
               <start_address>0x20000000</start_address>
               <size>0x200</size>
               <logical_group_ref idref="lg-d"/>
            </allocated_space>
            <allocated_space>
               <start_address>0x20000200</start_address>
               <size>0x20</size>
               <logical_group_ref idref="lg-a"/>
            </allocated_space>
            <allocated_space>
               <start_address>0x20000220</start_address>
               <size>0x1c</size>
               <logical_group_ref idref="lg-b"/>
            </allocated_space>
            <available_space>
               <start_address>0x2000023c</start_address>
               <size>0x7dc4</size>
            </available_space>
         </usage_details>
      </memory_area>
   </placement_map>
   <cptbl_list>
      <cptbl>
         <name>__TI_cinit_table</name>
         <cprec>
            <name>.data</name>
            <load_address>0xe58</load_address>
            <load_size>0x20</load_size>
            <run_address>0x20000200</run_address>
            <run_size>0x20</run_size>
            <compression>lzss</compression>
         </cprec>
         <cprec>
            <name>.bss</name>
            <load_address>0xe88</load_address>
            <load_size>0x8</load_size>
            <run_address>0x20000220</run_address>
            <run_size>0x1c</run_size>
            <compression>zero_init</compression>
         </cprec>
      </cptbl>
   </cptbl_list>
   <handler_table>
      <handler_table_name>__TI_handler_table</handler_table_name>
      <handler>
         <index>0x0</index>
         <name>__TI_decompress_lzss</name>
      </handler>
      <handler>
         <index>0x1</index>
         <name>__TI_decompress_none</name>
      </handler>
      <handler>
         <index>0x2</index>
         <name>__TI_zero_init</name>
      </handler>
   </handler_table>
   <symbol_table>
      <symbol id="sm-1">
         <name>__STACK_TOP</name>
         <value>0x20000200</value>
      </symbol>
      <symbol id="sm-2">
         <name>__TI_CINIT_Base</name>
         <value>0xe90</value>
      </symbol>
      <symbol id="sm-3">
         <name>__TI_CINIT_Limit</name>
         <value>0xea0</value>
      </symbol>
      <symbol id="sm-4">
         <name>__TI_Handler_Table_Base</name>
         <value>0xe78</value>
      </symbol>
      <symbol id="sm-5">
         <name>__TI_Handler_Table_Limit</name>
         <value>0xe84</value>
      </symbol>
      <symbol id="sm-6">
         <name>binit</name>
         <value>0xffffffff</value>
      </symbol>
      <symbol id="sm-7">
         <name>__binit__</name>
         <value>0xffffffff</value>
      </symbol>
      <symbol id="sm-8">
         <name>__STACK_SIZE</name>
         <value>0x200</value>
      </symbol>
      <symbol id="sm-9">
         <name>__STACK_END</name>
         <value>0x20000200</value>
      </symbol>
      <symbol id="sm-a">
         <name>__c_args__</name>
         <value>0xffffffff</value>
      </symbol>
      <symbol id="sm-b">
         <name>__TI_pprof_out_hndl</name>
         <value>0xffffffff</value>
      </symbol>
      <symbol id="sm-c">
         <name>__TI_prof_data_start</name>
         <value>0xffffffff</value>
      </symbol>
      <symbol id="sm-d">
         <name>__TI_prof_data_size</name>
         <value>0xffffffff</value>
      </symbol>
      <symbol id="sm-d9">
         <name>i</name>
         <value>0x20000238</value>
      </symbol>
      <symbol id="sm-da">
         <name>frequencyRegister</name>
         <value>0x20000230</value>
      </symbol>
      <symbol id="sm-db">
         <name>voltCode</name>
         <value>0x20000220</value>
      </symbol>
      <symbol id="sm-dc">
         <name>PinConfig</name>
         <value>0x7d1</value>
         <object_component_ref idref="oc-e1"/>
      </symbol>
      <symbol id="sm-dd">
         <name>SSIDataPut</name>
         <value>0xd21</value>
         <object_component_ref idref="oc-191"/>
      </symbol>
      <symbol id="sm-de">
         <name>refVoltage</name>
         <value>0x2000021c</value>
         <object_component_ref idref="oc-100"/>
      </symbol>
      <symbol id="sm-df">
         <name>high_bound</name>
         <value>0x20000208</value>
         <object_component_ref idref="oc-100"/>
      </symbol>
      <symbol id="sm-e0">
         <name>low_bound</name>
         <value>0x20000204</value>
         <object_component_ref idref="oc-100"/>
      </symbol>
      <symbol id="sm-e1">
         <name>PeriphEnable</name>
         <value>0x921</value>
         <object_component_ref idref="oc-db"/>
      </symbol>
      <symbol id="sm-e2">
         <name>STEP_SIZE</name>
         <value>0x20000200</value>
         <object_component_ref idref="oc-100"/>
      </symbol>
      <symbol id="sm-e3">
         <name>main</name>
         <value>0x9d1</value>
         <object_component_ref idref="oc-ad"/>
      </symbol>
      <symbol id="sm-e4">
         <name>SineWavePulse</name>
         <value>0x73d</value>
         <object_component_ref idref="oc-fa"/>
      </symbol>
      <symbol id="sm-e5">
         <name>voltage1</name>
         <value>0x2000020c</value>
         <object_component_ref idref="oc-100"/>
      </symbol>
      <symbol id="sm-e6">
         <name>voltage2</name>
         <value>0x20000210</value>
         <object_component_ref idref="oc-100"/>
      </symbol>
      <symbol id="sm-e7">
         <name>voltage3</name>
         <value>0x20000214</value>
         <object_component_ref idref="oc-100"/>
      </symbol>
      <symbol id="sm-e8">
         <name>voltage4</name>
         <value>0x20000218</value>
         <object_component_ref idref="oc-100"/>
      </symbol>
      <symbol id="sm-e9">
         <name>DCVoltage</name>
         <value>0x851</value>
         <object_component_ref idref="oc-f3"/>
      </symbol>
      <symbol id="sm-ea">
         <name>FreqRegBits</name>
         <value>0xa75</value>
         <object_component_ref idref="oc-198"/>
      </symbol>
      <symbol id="sm-eb">
         <name>voltCodeGenerator</name>
         <value>0xc39</value>
         <object_component_ref idref="oc-ed"/>
      </symbol>
      <symbol id="sm-ec">
         <name>SSIConfigSetExpClk</name>
         <value>0xb95</value>
         <object_component_ref idref="oc-17c"/>
      </symbol>
      <symbol id="sm-ed">
         <name>SSIInit</name>
         <value>0x979</value>
         <object_component_ref idref="oc-e7"/>
      </symbol>
      <symbol id="sm-ee">
         <name>SSIEnable</name>
         <value>0xd2b</value>
         <object_component_ref idref="oc-182"/>
      </symbol>
      <symbol id="sm-ef">
         <name>SSIBusy</name>
         <value>0xd35</value>
         <object_component_ref idref="oc-19e"/>
      </symbol>
      <symbol id="sm-125">
         <name>ResetISR</name>
         <value>0xd43</value>
         <object_component_ref idref="oc-24"/>
      </symbol>
      <symbol id="sm-126">
         <name>g_pfnVectors</name>
         <value>0x0</value>
         <object_component_ref idref="oc-f"/>
      </symbol>
      <symbol id="sm-131">
         <name>__aeabi_dmul</name>
         <value>0x4b1</value>
         <object_component_ref idref="oc-1f4"/>
      </symbol>
      <symbol id="sm-13b">
         <name>__aeabi_d2iz</name>
         <value>0xb09</value>
         <object_component_ref idref="oc-1f9"/>
      </symbol>
      <symbol id="sm-145">
         <name>__aeabi_ui2d</name>
         <value>0xc8f</value>
         <object_component_ref idref="oc-1ef"/>
      </symbol>
      <symbol id="sm-15e">
         <name>__TI_zero_init_nomemset</name>
         <value>0xcaf</value>
         <object_component_ref idref="oc-56"/>
      </symbol>
      <symbol id="sm-175">
         <name>__TI_decompress_none</name>
         <value>0xd13</value>
         <object_component_ref idref="oc-18"/>
      </symbol>
      <symbol id="sm-198">
         <name>__TI_decompress_lzss</name>
         <value>0x8b9</value>
         <object_component_ref idref="oc-12"/>
      </symbol>
      <symbol id="sm-1ab">
         <name>__stack</name>
         <value>0x20000000</value>
         <object_component_ref idref="oc-21"/>
      </symbol>
      <symbol id="sm-1ac">
         <name>_c_int00_noargs</name>
         <value>0xc05</value>
         <object_component_ref idref="oc-68"/>
      </symbol>
      <symbol id="sm-1c8">
         <name>memcpy</name>
         <value>0x6a1</value>
         <object_component_ref idref="oc-4a"/>
      </symbol>
      <symbol id="sm-1c9">
         <name>__aeabi_memcpy</name>
         <value>0x6a1</value>
         <object_component_ref idref="oc-4a"/>
      </symbol>
      <symbol id="sm-1ca">
         <name>__aeabi_memcpy8</name>
         <value>0x6a1</value>
         <object_component_ref idref="oc-4a"/>
      </symbol>
      <symbol id="sm-1cb">
         <name>__aeabi_memcpy4</name>
         <value>0x6a1</value>
         <object_component_ref idref="oc-4a"/>
      </symbol>
      <symbol id="sm-1f3">
         <name>__TI_auto_init_nobinit_nopinit</name>
         <value>0xb51</value>
         <object_component_ref idref="oc-110"/>
      </symbol>
      <symbol id="sm-1fd">
         <name>_system_pre_init</name>
         <value>0xd4f</value>
         <object_component_ref idref="oc-a7"/>
      </symbol>
      <symbol id="sm-209">
         <name>C$$EXIT</name>
         <value>0xd53</value>
         <object_component_ref idref="oc-104"/>
      </symbol>
      <symbol id="sm-20a">
         <name>abort</name>
         <value>0xd53</value>
         <object_component_ref idref="oc-104"/>
      </symbol>
      <symbol id="sm-263">
         <name>GPIOPinConfigure</name>
         <value>0xac1</value>
         <object_component_ref idref="oc-157"/>
      </symbol>
      <symbol id="sm-264">
         <name>GPIOPinTypeADC</name>
         <value>0xccb</value>
         <object_component_ref idref="oc-151"/>
      </symbol>
      <symbol id="sm-265">
         <name>GPIOPinTypeGPIOInput</name>
         <value>0xcdd</value>
         <object_component_ref idref="oc-15d"/>
      </symbol>
      <symbol id="sm-266">
         <name>GPIOPinTypeUART</name>
         <value>0xd01</value>
         <object_component_ref idref="oc-169"/>
      </symbol>
      <symbol id="sm-267">
         <name>GPIODirModeSet</name>
         <value>0xc65</value>
         <object_component_ref idref="oc-1d1"/>
      </symbol>
      <symbol id="sm-268">
         <name>GPIOPinWrite</name>
         <value>0xd3d</value>
         <object_component_ref idref="oc-18b"/>
      </symbol>
      <symbol id="sm-269">
         <name>GPIOPadConfigSet</name>
         <value>0x26d</value>
         <object_component_ref idref="oc-1d7"/>
      </symbol>
      <symbol id="sm-26a">
         <name>GPIOPinTypeSSI</name>
         <value>0xcef</value>
         <object_component_ref idref="oc-163"/>
      </symbol>
      <symbol id="sm-2c9">
         <name>SysCtlClockSet</name>
         <value>0x5ad</value>
         <object_component_ref idref="oc-170"/>
      </symbol>
      <symbol id="sm-2ca">
         <name>SysCtlDelay</name>
         <value>0xd49</value>
         <object_component_ref idref="oc-f9"/>
      </symbol>
      <symbol id="sm-2cb">
         <name>SysCtlPeripheralEnable</name>
         <value>0xbd1</value>
         <object_component_ref idref="oc-144"/>
      </symbol>
      <symbol id="sm-2cc">
         <name>SysCtlClockGet</name>
         <value>0x3a1</value>
         <object_component_ref idref="oc-176"/>
      </symbol>
      <symbol id="sm-2cd">
         <name>SysCtlPeripheralReset</name>
         <value>0xa25</value>
         <object_component_ref idref="oc-14a"/>
      </symbol>
      <symbol id="sm-2cf">
         <name>__TI_static_base__</name>
         <value>0x0</value>
      </symbol>
      <symbol id="sm-2d2">
         <name>__mpu_init</name>
         <value>0x0</value>
      </symbol>
      <symbol id="sm-2d3">
         <name>_system_post_cinit</name>
         <value>0x0</value>
      </symbol>
   </symbol_table>
   <title>Link successful</title>
</link_info>
